[36mvite v7.1.12 [32mbuilding for production...[36m[39m
[baseline-browser-mapping] The data in this module is over two months old.  To ensure accurate Baseline data, please update: `npm i baseline-browser-mapping@latest -D`
transforming...
Browserslist: browsers data (caniuse-lite) is 11 months old. Please run:
  npx update-browserslist-db@latest
  Why you should do it regularly: https://github.com/browserslist/update-db#readme
[32m✓[39m 2147 modules transformed.
rendering chunks...
computing gzip size...
[2mdist/[22m[32mindex.html                 [39m[1m[2m  4.04 kB[22m[1m[22m[2m │ gzip:   1.30 kB[22m
[2mdist/[22m[32massets/jose-DIQ3ppBM.jpeg  [39m[1m[2m 11.33 kB[22m[1m[22m
[2mdist/[22m[35massets/index-DrwzDVAi.css  [39m[1m[2m 71.80 kB[22m[1m[22m[2m │ gzip:  12.39 kB[22m
[2mdist/[22m[36massets/index-DyKvx3Mq.js   [39m[1m[2m487.90 kB[22m[1m[22m[2m │ gzip: 146.82 kB[22m
[32m✓ built in 24.52s[39m
